2026-05-06 04:22:47.831 xcodebuild[84667:4562179] [MT] IDEDistribution: -[IDEDistributionLogging _createLoggingBundleAtPath:]: Created bundle at path "/var/folders/nk/xy6nthd905z_7ztwqsg4_j0h0000gn/T/SacredPathway_2026-05-06_04-22-47.830.xcdistributionlogs".
2026-05-06 04:22:47.924 xcodebuild[84667:4562179] [MT] IDEDistribution: Command line name "app-store" is deprecated. Use "app-store-connect" instead.
2026-05-06 04:23:55.759 xcodebuild[84667:4562179] Starting upload
2026-05-06 04:23:58.076 xcodebuild[84667:4562196] Progress 0%: Making copy of ‘SacredPathway.ipa’…
2026-05-06 04:23:58.077 xcodebuild[84667:4562196] Progress 0%: Making copy of ‘SacredPathway.ipa’…
2026-05-06 04:23:58.079 xcodebuild[84667:4562196] Progress 0%: Preparing to upload ‘SacredPathway.ipa’…
2026-05-06 04:24:06.277 xcodebuild[84667:4562227] Progress 0%: Analyzing package…
2026-05-06 04:24:07.417 xcodebuild[84667:4562223] Progress 0%: Sending analysis to App Store Connect…
2026-05-06 04:24:08.873 xcodebuild[84667:4562223] Progress 0%: Waiting for App Store Connect analysis response…
2026-05-06 04:24:10.671 xcodebuild[84667:4562223] Progress 0%: Waiting for App Store Connect analysis response…
2026-05-06 04:24:32.582 xcodebuild[84667:4562223] Progress 0%: Sending SPI analysis to App Store Connect…
2026-05-06 04:24:34.971 xcodebuild[84667:4562223] Progress 0%: Waiting for App Store Connect SPI analysis response…
2026-05-06 04:24:36.972 xcodebuild[84667:4562223] Progress 0%: Waiting for App Store Connect SPI analysis response…
2026-05-06 04:24:57.884 xcodebuild[84667:4562223] Progress 0%: Requesting upload instructions from App Store Connect…
2026-05-06 04:24:58.834 xcodebuild[84667:4562223] Progress 0%: Preparing file for upload to App Store Connect…
2026-05-06 04:24:58.843 xcodebuild[84667:4562223] Progress 0%: Preparing file for upload to App Store Connect…
2026-05-06 04:24:58.843 xcodebuild[84667:4562223] Progress 0%: Uploading to App Store Connect…
2026-05-06 04:24:58.967 xcodebuild[84667:4562223] Progress 41%: Uploading to App Store Connect…
2026-05-06 04:24:58.968 xcodebuild[84667:4562223] Progress 41%: Uploading to App Store Connect…
2026-05-06 04:24:59.755 xcodebuild[84667:4562223] Progress 100%: Uploading to App Store Connect…
2026-05-06 04:24:59.756 xcodebuild[84667:4562223] Progress 100%: Uploading to App Store Connect…
2026-05-06 04:25:00.260 xcodebuild[84667:4562223] Progress 100%: Completing upload…
2026-05-06 04:25:02.324 xcodebuild[84667:4562223] Progress 100%: Waiting for package to begin processing…
2026-05-06 04:25:02.692 xcodebuild[84667:4562223] Progress 100%: Uploaded package is processing.
2026-05-06 04:25:02.701 xcodebuild[84667:4562223] Progress 100%: Upload succeeded.
Uploaded SacredPathway
** EXPORT SUCCEEDED **

